[11:37:57.111] [INFO] Storybook Upgrade - v9.1.20
[11:37:57.165] [INFO] detect-projects-spinner-start: Detecting projects...
[11:37:57.167] [DEBUG] Finding Storybook projects...
[11:37:57.369] [DEBUG] Found 1 Storybook projects
[11:37:57.369] [INFO] detect-projects-spinner: Detecting projects: 1 projects
[11:37:57.369] [DEBUG] Getting Storybook data...
[11:37:57.369] [DEBUG] Getting Storybook info...
[11:37:57.369] [DEBUG] Loading main config...
[11:37:57.543] [DEBUG] Getting stories paths...
[11:37:57.552] [DEBUG] Getting package manager...
[11:37:57.695] [DEBUG] Getting Storybook version...
[11:37:57.695] [DEBUG] /.storybook - Validating before version... 8.6.18
[11:37:57.695] [DEBUG] /.storybook - Validating upgrade compatibility...
[11:37:57.695] [DEBUG] /.storybook - Fetching NPM version information...
[11:37:57.695] [DEBUG] Getting CLI versions from NPM for storybook...
[11:37:57.697] [DEBUG] Getting CLI versions from NPM for storybook@next...
[11:37:58.281] [DEBUG] /.storybook - Evaluating blockers...
[11:37:58.282] [DEBUG] Getting installed version for @storybook/experimental-addon-test...
[11:37:58.735] [INFO] detect-projects-spinner-stop: 1 project detected
[11:37:58.735] [DEBUG] Found 1 valid projects and 0 error projects
[11:37:58.735] [INFO] Upgrading from 8.6.18 to 9.1.20
[11:37:58.756] [INFO] upgrade-dependencies-task-start: Fetching versions to update package.json files..
[11:37:58.756] [DEBUG] Updating dependencies in /.storybook...
[11:37:58.775] [INFO] upgrade-dependencies-task: /package.json
[11:37:58.776] [DEBUG] {
  "upgradedDependencies": []
}
[11:37:58.776] [DEBUG] {
  "upgradedDevDependencies": [
    "@storybook/react@9.1.20",
    "@storybook/react-vite@9.1.20",
    "storybook@9.1.20"
  ]
}
[11:37:58.776] [DEBUG] {
  "upgradedPeerDependencies": []
}
[11:37:58.776] [DEBUG] Getting CLI versions from NPM for @storybook/react...
[11:37:59.574] [DEBUG] Getting CLI versions from NPM for @storybook/react-vite...
[11:38:00.100] [DEBUG] Using cached version for storybook...
[11:38:00.100] [INFO] upgrade-dependencies-task-success: Updated package versions in package.json files
[11:38:00.101] [INFO] detect-automigrations-task-start: Detecting automigrations...
[11:38:00.101] [DEBUG] Starting automigration collection across 1 projects and 16 fixes...
[11:38:00.147] [INFO] detect-automigrations-task: Checking automigrations for /.storybook...
[11:38:00.147] [DEBUG] Processing project: /.storybook
[11:38:00.147] [DEBUG] Checking fix eslintPlugin for project /.storybook...
[11:38:00.149] [DEBUG] Checking fix addon-mdx-gfm-remove for project /.storybook...
[11:38:00.149] [DEBUG] Checking fix addon-storysource-code-panel for project /.storybook...
[11:38:00.149] [DEBUG] Checking fix upgrade-storybook-related-dependencies for project /.storybook...
[11:38:00.149] [DEBUG] Checking for incompatible storybook packages...
[11:38:00.152] [DEBUG] Getting installed version for @storybook/addon-essentials...
[11:38:00.153] [DEBUG] Getting installed version for @storybook/blocks...
[11:38:00.153] [DEBUG] Getting installed version for @storybook/manager-api...
[11:38:00.154] [DEBUG] Getting installed version for @storybook/theming...
[11:38:00.154] [DEBUG] Getting installed version for @chromatic-com/storybook...
[11:38:01.080] [DEBUG] An issue occurred while trying to find dependencies metadata using npm.
[11:38:01.080] [DEBUG] Getting CLI versions from NPM for @storybook/addon-essentials...
[11:38:01.120] [DEBUG] An issue occurred while trying to find dependencies metadata using npm.
[11:38:01.120] [DEBUG] Getting CLI versions from NPM for @storybook/theming...
[11:38:01.132] [DEBUG] An issue occurred while trying to find dependencies metadata using npm.
[11:38:01.133] [DEBUG] Getting CLI versions from NPM for @storybook/blocks...
[11:38:01.142] [DEBUG] An issue occurred while trying to find dependencies metadata using npm.
[11:38:01.142] [DEBUG] Getting CLI versions from NPM for @chromatic-com/storybook...
[11:38:01.148] [DEBUG] An issue occurred while trying to find dependencies metadata using npm.
[11:38:01.148] [DEBUG] Getting CLI versions from NPM for @storybook/manager-api...
[11:38:01.828] [DEBUG] Checking fix initial-globals for project /.storybook...
[11:38:01.839] [DEBUG] Checking fix addon-globals-api for project /.storybook...
[11:38:01.841] [DEBUG] Checking fix addon-a11y-addon-test for project /.storybook...
[11:38:01.842] [DEBUG] Checking fix consolidated-imports for project /.storybook...
[11:38:01.842] [DEBUG] Checking fix addon-experimental-test for project /.storybook...
[11:38:01.842] [DEBUG] Using cached installed version for @storybook/experimental-addon-test...
[11:38:01.842] [DEBUG] Checking fix rnstorybook-config for project /.storybook...
[11:38:01.842] [DEBUG] Checking fix remove-addon-interactions for project /.storybook...
[11:38:01.842] [DEBUG] Checking fix renderer-to-framework for project /.storybook...
[11:38:01.842] [DEBUG] Checking fix remove-essential-addons for project /.storybook...
[11:38:01.842] [DEBUG] Checking fix addon-a11y-parameters for project /.storybook...
[11:38:01.842] [DEBUG] Checking fix remove-docs-autodocs for project /.storybook...
[11:38:01.845] [DEBUG] Checking fix wrap-require for project /.storybook...
[11:38:01.894] [INFO] detect-automigrations-task: 
Automigrations detected:
[11:38:01.931] [INFO] detect-automigrations-task: ✔ eslintPlugin
[11:38:01.963] [INFO] detect-automigrations-task: ✔ addon-globals-api
[11:38:02.000] [INFO] detect-automigrations-task: ✔ consolidated-imports
[11:38:02.033] [INFO] detect-automigrations-task: ✔ renderer-to-framework
[11:38:02.065] [INFO] detect-automigrations-task: ✔ remove-essential-addons
[11:38:02.066] [INFO] detect-automigrations-task-success: 5 automigration(s) detected
[11:39:36.247] [PROMPT] Select automigrations to run {"choice":["eslintPlugin","addon-globals-api","consolidated-imports","renderer-to-framework","remove-essential-addons"]}
[11:39:36.247] [INFO] automigrate-/.storybook-task-start: Running automigrations for /.storybook
[11:39:36.248] [DEBUG] Adding dependencies: eslint-plugin-storybook@9.1.20
[11:39:36.248] [DEBUG] Getting CLI versions from NPM for eslint-plugin-storybook...
[11:39:36.721] [DEBUG] Detected flat config at /Users/yujin/Documents/GitHub/GNUI/eslint.config.mjs
[11:39:36.781] [INFO] automigrate-/.storybook-task: ✔ eslintPlugin
[11:39:37.038] [INFO] automigrate-/.storybook-task: ✔ addon-globals-api
[11:39:37.088] [INFO] automigrate-/.storybook-task: ✔ consolidated-imports
[11:39:37.088] [DEBUG] 
Migrating @storybook/react to @storybook/react-vite
[11:39:37.094] [DEBUG] Updating package.json files...
[11:39:37.121] [INFO] automigrate-/.storybook-task: ✔ renderer-to-framework
[11:39:37.123] [DEBUG] Uninstalling @storybook/addon-essentials
[11:39:37.124] [DEBUG] Removing '@storybook/addon-essentials' from main.js addons field.
[11:39:37.133] [DEBUG] Getting Storybook info...
[11:39:37.133] [DEBUG] Loading main config...
[11:39:37.137] [DEBUG] Getting stories paths...
[11:39:37.137] [DEBUG] Getting package manager...
[11:39:37.142] [DEBUG] Getting Storybook version...
[11:39:37.166] [INFO] automigrate-/.storybook-task: Verifying @storybook/addon-docs
[11:39:37.190] [INFO] automigrate-/.storybook-task: Installing @storybook/addon-docs@9.1.20
[11:39:37.191] [DEBUG] Getting CLI versions from NPM for @storybook/addon-docs...
[11:39:37.924] [INFO] automigrate-/.storybook-task: ✔ remove-essential-addons
[11:39:37.924] [INFO] automigrate-/.storybook-task-success: Completed automigrations for /.storybook
[11:39:37.924] [INFO] Installing dependencies...
[11:39:37.924] [INFO] install-dependencies-task-start: Installing dependencies...
[11:39:46.196] [INFO] > @nordcloud/gnui@11.7.1 prepare
> patch-package && husky install
[11:39:46.252] [INFO] install-dependencies-task: > @nordcloud/gnui@11.7.1 prepare
> patch-package && husky install
[11:39:46.364] [INFO] patch-package 8.0.1
[11:39:46.403] [INFO] install-dependencies-task: patch-package 8.0.1
[11:39:46.403] [INFO] Applying patches...
react-awesome-styled-grid@3.1.4 ✔
[11:39:46.425] [INFO] install-dependencies-task: Applying patches...
react-awesome-styled-grid@3.1.4 ✔
[11:39:46.449] [INFO] husky - Git hooks installed
[11:39:46.469] [INFO] install-dependencies-task: husky - Git hooks installed
[11:39:46.469] [INFO] added 21 packages, removed 356 packages, changed 12 packages, and audited 1247 packages in 8s

331 packages are looking for funding
  run `npm fund` for details

5 vulnerabilities (2 low, 3 moderate)

To address all issues (including breaking changes), run:
  npm audit fix --force

Run `npm audit` for details.
[11:39:46.491] [INFO] install-dependencies-task: added 21 packages, removed 356 packages, changed 12 packages, and audited 1247
packages in 8s

331 packages are looking for funding
run `npm fund` for details

5 vulnerabilities (2 low, 3 moderate)

To address all issues (including breaking changes), run:
npm audit fix --force

Run `npm audit` for details.
[11:39:46.492] [INFO] Dependencies installed
[11:39:46.492] [INFO] install-dependencies-task-success: Dependencies installed
[11:39:46.492] [INFO] Checking the health of your project(s)..
[11:39:47.150] [WARN] /.storybook: 1 issue found
[11:39:47.195] [INFO] You are currently using Storybook 9.1.20 but you have packages which are incompatible with it:

- @chromatic-com/storybook@3.2.7 which depends on ^8.2.0 || ^8.3.0-0 || ^8.4.0-0 || ^8.5.0-0 || ^8.6.0-0

Please consider updating your packages or contacting the maintainers for compatibility details.

For more on Storybook 9 compatibility, see the linked GitHub issue:
https://github.com/storybookjs/storybook/issues/30944
[11:39:47.195] [INFO] Incompatible Packages
[11:39:47.221] [INFO] You are currently using Storybook 9.1.20 but you have packages which are incompatible with it:

- @chromatic-com/storybook@3.2.7 which depends on ^8.2.0 || ^8.3.0-0 || ^8.4.0-0 || ^8.5.0-0 || ^8.6.0-0

Please consider updating your packages or contacting the maintainers for compatibility details.

For more on Storybook 9 compatibility, see the linked GitHub issue:
https://github.com/storybookjs/storybook/issues/30944
[11:39:47.240] [INFO] Storybook doctor is complete!
[11:39:47.258] [INFO] You can always recheck the health of your project(s) by running:
npx storybook doctor
[11:39:47.278] [INFO] The upgrade is complete!
[11:39:47.297] [INFO] Your project(s) have been upgraded successfully, but some issues were found which need your attention, please check Storybook doctor logs above.
[11:39:47.405] [INFO] If you want to learn more about the automigrations that executed in your project(s), please check the following links:

• eslintPlugin
• addon-globals-api
• consolidated-imports
• renderer-to-framework
• remove-essential-addons
[11:39:47.422] [INFO] For a full list of changes, please check our migration guide: https://storybook.js.org/docs/migration-guide?ref=upgrade
[11:39:47.442] [INFO] Attention: Storybook now collects completely anonymous telemetry regarding usage. This information is used to shape Storybook's roadmap and prioritize features.
[11:39:47.461] [INFO] You can learn more, including how to opt-out if you'd not like to participate in this anonymous program, by visiting the following URL:
[11:39:47.481] [INFO] https://storybook.js.org/telemetry
[11:39:47.500] [INFO] 